How to Use 3-say_my_name.py
==============================

This module defines a function that like the Destiny's Child will say my name. 

Usage
=====

``say_my_name(...)`` returns a name

>>> say_my_name = __import__('3-say_my_name').say_my_name
>>> say_my_name = __import__('3-say_my_name').say_my_name

'two strings'
>>> say_my_name("John", "Smith")
My name is John Smith

'first_name string, last_name not string'
>>> say_my_name("John", 99)
Traceback (most recent call last):
...
TypeError: last_name must be a string

'first_name not string, last_name string'
>>> say_my_name(1, "Smith")
Traceback (most recent call last):
...
TypeError: first_name must be a string

'missing two arguments'
>>> say_my_name()
Traceback (most recent call last):
...
TypeError: say_my_name() missing 1 required positional argument: 'first_name'